////////////////////////////////////////////////////////////////////////////////
///////////////////InstallShield Media Library Report Summary///////////////////
////////////////////////////////////////////////////////////////////////////////

Media Name      : Default
Report Filename : D:\Larus\Software\SPIM\InstallShield\PCSpim\Media\Default\Report Files\1-04-2003 4.51.45PM.rpt
Date            : 01/04/2003
Time            : 4:51PM

Number of Components:                4 
Number of File Groups:               4 
Number of Files:                     6 
Total Size of Files:         1,284,550 (bytes)

==========
COMPONENTS
==========


     Program Files
     Example Files
     Help Files
     Shared DLLs


////////////////////////////////////////////////////////////////////////////////
/////////////////////////////////Report Details/////////////////////////////////
////////////////////////////////////////////////////////////////////////////////


================================================================================
                           COMPONENT: "Program Files"
================================================================================

SUMMARY:
    Total Files:                2 (files for this component only)
    Source Bytes:         196,425 (files for this component only)


                      **** File Group: "Program DLLs" ****


<Directory>: D:\Larus\Software\SPIM\src

    Filename                    Date        Time      Size         Version      
    --------------------------  ----------  --------  -----------  -------------
    trap.handler                01/04/2003  10:46:46        3,848               
    --------------------------  ----------  --------  -----------  -------------
    Count=1                                                 3,848               


                **** File Group: "Program Executable Files" ****


<Directory>: D:\Larus\Software\SPIM\PCSpim\Release

    Filename                    Date        Time      Size         Version      
    --------------------------  ----------  --------  -----------  -------------
    pcspim.exe                  01/04/2003  16:49:10      192,577  1.0.0.1      
    --------------------------  ----------  --------  -----------  -------------
    Count=1                                               192,577               


================================================================================
                            COMPONENT: "Help Files"
================================================================================

SUMMARY:
    Total Files:                2 (files for this component only)
    Source Bytes:         224,143 (files for this component only)


                       **** File Group: "Help Files" ****


<Directory>: D:\Larus\Software\SPIM\PCSpim

    Filename                    Date        Time      Size         Version      
    --------------------------  ----------  --------  -----------  -------------
    PCSpim.cnt                  01/05/2002  13:28:56          165               
    PCSPIM.HLP                  12/24/2000  13:35:02       27,553               
    --------------------------  ----------  --------  -----------  -------------
    Count=2                                                27,718               


================================================================================
                            COMPONENT: "Shared DLLs"
================================================================================

SUMMARY:
    Total Files:                2 (files for this component only)
    Source Bytes:       1,284,550 (files for this component only)


                      **** File Group: "Shared DLLs" ****


<Directory>: C:\WINDOWS\system32

    Filename                    Date        Time      Size         Version      
    --------------------------  ----------  --------  -----------  -------------
    mfc42.dll                   08/23/2001  04:00:00      995,383  6.0.8665.0   
    msvcrt40.dll                08/23/2001  04:00:00       65,024  4.2000.0.6201
    --------------------------  ----------  --------  -----------  -------------
    Count=2                                             1,060,407               
