////////////////////////////////////////////////////////////////////////////////
///////////////////InstallShield Media Library Report Summary///////////////////
////////////////////////////////////////////////////////////////////////////////

Media Name      : Default
Report Filename : E:\larus\Software\SPIM\InstallShield\PCSpim\Media\Default\Report Files\12-24-2000 1.49.41PM.rpt
Date            : 12/24/2000
Time            : 1:49PM

Number of Components:                4 
Number of File Groups:               4 
Number of Files:                     6 
Total Size of Files:         1,279,678 (bytes)

==========
COMPONENTS
==========


     Program Files
     Example Files
     Help Files
     Shared DLLs


////////////////////////////////////////////////////////////////////////////////
/////////////////////////////////Report Details/////////////////////////////////
////////////////////////////////////////////////////////////////////////////////


================================================================================
                           COMPONENT: "Program Files"
================================================================================

SUMMARY:
    Total Files:                2 (files for this component only)
    Source Bytes:         191,545 (files for this component only)


                      **** File Group: "Program DLLs" ****


<Directory>: E:\larus\Software\SPIM\src

    Filename                    Date        Time      Size         Version      
    --------------------------  ----------  --------  -----------  -------------
    trap.handler                12/24/2000  13:19:33        3,129               
    --------------------------  ----------  --------  -----------  -------------
    Count=1                                                 3,129               


                **** File Group: "Program Executable Files" ****


<Directory>: E:\larus\Software\SPIM\PCSpim\Release

    Filename                    Date        Time      Size         Version      
    --------------------------  ----------  --------  -----------  -------------
    pcspim.exe                  12/24/2000  13:36:09      188,416  1.0.0.1      
    --------------------------  ----------  --------  -----------  -------------
    Count=1                                               188,416               


================================================================================
                            COMPONENT: "Help Files"
================================================================================

SUMMARY:
    Total Files:                2 (files for this component only)
    Source Bytes:         219,271 (files for this component only)


                       **** File Group: "Help Files" ****


<Directory>: E:\larus\Software\SPIM\PCSpim\Release

    Filename                    Date        Time      Size         Version      
    --------------------------  ----------  --------  -----------  -------------
    PCSpim.cnt                  08/15/1997  00:11:08          173               
    PCSPIM.HLP                  12/24/2000  13:35:01       27,553               
    --------------------------  ----------  --------  -----------  -------------
    Count=2                                                27,726               


================================================================================
                            COMPONENT: "Shared DLLs"
================================================================================

SUMMARY:
    Total Files:                2 (files for this component only)
    Source Bytes:       1,279,678 (files for this component only)


                      **** File Group: "Shared DLLs" ****


<Directory>: D:\WINNT\system32

    Filename                    Date        Time      Size         Version      
    --------------------------  ----------  --------  -----------  -------------
    mfc42.dll                   12/07/1999  04:00:00      995,383  6.0.8665.0   
    msvcrt40.dll                12/07/1999  04:00:00       65,024  4.2000.0.6201
    --------------------------  ----------  --------  -----------  -------------
    Count=2                                             1,060,407               
